ARM Linker, 5.03 [Build 76] [MDK-ARM Lite]

==============================================================================

Section Cross References

    blinky.o(.text) refers to rt_mutex.o(i.os_mut_wait) for os_mut_wait
    blinky.o(.text) refers to rt_mutex.o(i.os_mut_release) for os_mut_release
    blinky.o(.text) refers to rt_time.o(i.os_dly_wait) for os_dly_wait
    blinky.o(.text) refers to rt_mutex.o(i.os_mut_init) for os_mut_init
    blinky.o(.text) refers to rt_task.o(i.os_tsk_create0) for os_tsk_create0
    blinky.o(.text) refers to rt_task.o(i.os_tsk_delete) for os_tsk_delete
    blinky.o(.text) refers to hal_arm.o(.emb_text) for os_sys_init0
    blinky.o(.text) refers to blinky.o(.bss) for .bss
    lcd.o(.text) refers to uidiv.o(.text) for __aeabi_uidivmod
    lcd.o(.text) refers to lcd.o(.data) for .data
    lcd.o(.text) refers to lcd.o(.constdata) for .constdata
    rtx_config.o(.text) refers to hal_arm.o(.emb_text) for os_clock_interrupt
    lpc2300.o(RESET) refers to hal_arm.o(.emb_text) for SWI_Handler
    lpc2300.o(RESET) refers to lpc2300.o(STACK) for Stack_Top
    lpc2300.o(RESET) refers to entry.o(.ARM.Collect$$$$00000000) for __main
    rt_task.o(i.os_block) refers to rt_list.o(i.os_put_dly) for os_put_dly
    rt_task.o(i.os_block) refers to rt_list.o(i.os_get_first) for os_get_first
    rt_task.o(i.os_block) refers to rt_task.o(.data) for .data
    rt_task.o(i.os_block) refers to rt_list.o(.bss) for os_rdy
    rt_task.o(i.os_dispatch) refers to rt_list.o(i.os_put_rdy_first) for os_put_rdy_first
    rt_task.o(i.os_dispatch) refers to rt_list.o(i.os_get_first) for os_get_first
    rt_task.o(i.os_dispatch) refers to rt_list.o(i.os_put_prio) for os_put_prio
    rt_task.o(i.os_dispatch) refers to rt_task.o(.data) for .data
    rt_task.o(i.os_dispatch) refers to rt_list.o(.bss) for os_rdy
    rt_task.o(i.os_init_context) refers to hal_arm.o(i.os_init_stack) for os_init_stack
    rt_task.o(i.os_init_context) refers to rtx_config.o(.bss) for mp_stk
    rt_task.o(i.os_sys_init1) refers to rt_membox.o(i._init_box) for _init_box
    rt_task.o(i.os_sys_init1) refers to rt_task.o(i.os_init_context) for os_init_context
    rt_task.o(i.os_sys_init1) refers to hal_arm.o(.emb_text) for os_set_env
    rt_task.o(i.os_sys_init1) refers to rtx_config.o(.text) for os_tmr_init
    rt_task.o(i.os_sys_init1) refers to rt_robin.o(i.os_init_robin) for os_init_robin
    rt_task.o(i.os_sys_init1) refers to rtx_config.o(.bss) for os_active_TCB
    rt_task.o(i.os_sys_init1) refers to rtx_config.o(.constdata) for os_maxtaskrun
    rt_task.o(i.os_sys_init1) refers to rtx_config.o(.constdata) for mp_tcb_size
    rt_task.o(i.os_sys_init1) refers to rtx_config.o(.bss) for mp_tcb
    rt_task.o(i.os_sys_init1) refers to rtx_config.o(.constdata) for os_stackinfo
    rt_task.o(i.os_sys_init1) refers to rtx_config.o(.constdata) for mp_stk_size
    rt_task.o(i.os_sys_init1) refers to rtx_config.o(.bss) for mp_stk
    rt_task.o(i.os_sys_init1) refers to rtx_config.o(.constdata) for mp_tmr_size
    rt_task.o(i.os_sys_init1) refers to rtx_config.o(.data) for m_tmr
    rt_task.o(i.os_sys_init1) refers to rt_task.o(.bss) for .bss
    rt_task.o(i.os_sys_init1) refers to rt_list.o(.bss) for os_rdy
    rt_task.o(i.os_sys_init1) refers to rt_task.o(.data) for .data
    rt_task.o(i.os_sys_init1) refers to rtx_config.o(.bss) for os_fifo
    rt_task.o(i.os_sys_init1) refers to rtx_config.o(.constdata) for os_fifo_size
    rt_task.o(i.os_sys_init1) refers to rt_task.o(i.os_tsk_create0) for os_tsk_create0
    rt_task.o(i.os_tsk_create0) refers to rt_task.o(i.os_init_context) for os_init_context
    rt_task.o(i.os_tsk_create0) refers to rtx_config.o(.text) for tsk_unlock
    rt_task.o(i.os_tsk_create0) refers to rt_task.o(i.os_dispatch) for os_dispatch
    rt_task.o(i.os_tsk_create0) refers to rtx_config.o(.bss) for mp_tcb
    rt_task.o(i.os_tsk_create0) refers to rtx_config.o(.bss) for os_active_TCB
    rt_task.o(i.os_tsk_create0) refers to rtx_config.o(.constdata) for os_maxtaskrun
    rt_task.o(i.os_tsk_create_ex0) refers to rt_task.o(i.os_tsk_create0) for os_tsk_create0
    rt_task.o(i.os_tsk_delete) refers to hal_arm.o(i.os_stk_check) for os_stk_check
    rt_task.o(i.os_tsk_delete) refers to rt_list.o(i.os_get_first) for os_get_first
    rt_task.o(i.os_tsk_delete) refers to rt_list.o(i.os_rmv_dly) for os_rmv_dly
    rt_task.o(i.os_tsk_delete) refers to rt_list.o(i.os_put_prio) for os_put_prio
    rt_task.o(i.os_tsk_delete) refers to rt_list.o(i.os_rmv_list) for os_rmv_list
    rt_task.o(i.os_tsk_delete) refers to rtx_config.o(.text) for tsk_unlock
    rt_task.o(i.os_tsk_delete) refers to rt_task.o(i.os_dispatch) for os_dispatch
    rt_task.o(i.os_tsk_delete) refers to rtx_config.o(.bss) for os_active_TCB
    rt_task.o(i.os_tsk_delete) refers to rt_task.o(.data) for .data
    rt_task.o(i.os_tsk_delete) refers to rt_list.o(.bss) for os_rdy
    rt_task.o(i.os_tsk_delete) refers to rtx_config.o(.bss) for mp_stk
    rt_task.o(i.os_tsk_delete) refers to rtx_config.o(.bss) for mp_tcb
    rt_task.o(i.os_tsk_delete) refers to rtx_config.o(.constdata) for os_maxtaskrun
    rt_task.o(i.os_tsk_pass) refers to rt_list.o(i.os_get_same_rdy_prio) for os_get_same_rdy_prio
    rt_task.o(i.os_tsk_pass) refers to rt_list.o(i.os_put_prio) for os_put_prio
    rt_task.o(i.os_tsk_pass) refers to rtx_config.o(.text) for tsk_unlock
    rt_task.o(i.os_tsk_pass) refers to rt_task.o(.data) for .data
    rt_task.o(i.os_tsk_pass) refers to rt_list.o(.bss) for os_rdy
    rt_task.o(i.os_tsk_prio) refers to rt_list.o(i.os_put_prio) for os_put_prio
    rt_task.o(i.os_tsk_prio) refers to rtx_config.o(.text) for tsk_unlock
    rt_task.o(i.os_tsk_prio) refers to rt_list.o(i.os_resort_prio) for os_resort_prio
    rt_task.o(i.os_tsk_prio) refers to rt_list.o(i.os_get_first) for os_get_first
    rt_task.o(i.os_tsk_prio) refers to rt_task.o(i.os_dispatch) for os_dispatch
    rt_task.o(i.os_tsk_prio) refers to rt_task.o(.data) for .data
    rt_task.o(i.os_tsk_prio) refers to rtx_config.o(.constdata) for os_maxtaskrun
    rt_task.o(i.os_tsk_prio) refers to rtx_config.o(.bss) for os_active_TCB
    rt_task.o(i.os_tsk_prio) refers to rt_list.o(.bss) for os_rdy
    rt_task.o(i.os_tsk_self) refers to rt_task.o(.data) for .data
    rt_time.o(i.os_dly_wait) refers to rt_task.o(i.os_block) for os_block
    rt_time.o(i.os_dly_wait) refers to rtx_config.o(.text) for tsk_unlock
    rt_time.o(i.os_itv_set) refers to rt_task.o(.data) for os_runtask
    rt_time.o(i.os_itv_set) refers to rt_time.o(.data) for .data
    rt_time.o(i.os_itv_wait) refers to rt_task.o(i.os_block) for os_block
    rt_time.o(i.os_itv_wait) refers to rtx_config.o(.text) for tsk_unlock
    rt_time.o(i.os_itv_wait) refers to rt_task.o(.data) for os_runtask
    rt_time.o(i.os_itv_wait) refers to rt_time.o(.data) for .data
    rt_time.o(i.os_time_get) refers to rt_time.o(.data) for .data
    rt_mutex.o(i.os_mut_init) refers to rtx_config.o(.text) for tsk_unlock
    rt_mutex.o(i.os_mut_init) refers to rt_task.o(.data) for os_runtask
    rt_mutex.o(i.os_mut_release) refers to rtx_config.o(.text) for tsk_unlock
    rt_mutex.o(i.os_mut_release) refers to rt_list.o(i.os_get_first) for os_get_first
    rt_mutex.o(i.os_mut_release) refers to rt_list.o(i.os_rmv_dly) for os_rmv_dly
    rt_mutex.o(i.os_mut_release) refers to rt_list.o(i.os_put_prio) for os_put_prio
    rt_mutex.o(i.os_mut_release) refers to rt_task.o(i.os_dispatch) for os_dispatch
    rt_mutex.o(i.os_mut_release) refers to rt_task.o(.data) for os_runtask
    rt_mutex.o(i.os_mut_release) refers to rt_list.o(.bss) for os_rdy
    rt_mutex.o(i.os_mut_wait) refers to rtx_config.o(.text) for tsk_unlock
    rt_mutex.o(i.os_mut_wait) refers to rt_list.o(i.os_resort_prio) for os_resort_prio
    rt_mutex.o(i.os_mut_wait) refers to rt_list.o(i.os_put_prio) for os_put_prio
    rt_mutex.o(i.os_mut_wait) refers to rt_task.o(i.os_block) for os_block
    rt_mutex.o(i.os_mut_wait) refers to rt_task.o(.data) for os_runtask
    hal_arm.o(.emb_text) refers to hal_arm.o(.data) for sys_stktop
    hal_arm.o(.emb_text) refers to rt_task.o(i.os_sys_init1) for os_sys_init1
    hal_arm.o(.emb_text) refers to hal_arm.o(.data) for sys_mode
    hal_arm.o(.emb_text) refers to rtx_config.o(.text) for os_irq_ack_lock
    hal_arm.o(.emb_text) refers to rt_system.o(.data) for os_psh
    hal_arm.o(.emb_text) refers to rt_system.o(i.os_sys_manager) for os_sys_manager
    hal_arm.o(.emb_text) refers to SWI_Table.o(SWI_TABLE) for SWI_Table
    hal_arm.o(i.__SWI_0) refers to hal_arm.o(i.os_stk_check) for os_stk_check
    hal_arm.o(i.__SWI_0) refers to rtx_config.o(.text) for tsk_unlock
    hal_arm.o(i.__SWI_0) refers to hal_arm.o(.emb_text) for os_switch_tasks_ret
    hal_arm.o(i.__SWI_0) refers to rt_task.o(.data) for os_runtask
    hal_arm.o(i.os_init_stack) refers to rtx_config.o(.constdata) for os_stackinfo
    hal_arm.o(i.os_init_stack) refers to hal_arm.o(.data) for .data
    hal_arm.o(i.os_stk_check) refers to rtx_config.o(.text) for os_error
    hal_arm.o(i.os_stk_check) refers to rt_task.o(.data) for os_runtask
    rt_system.o(i.os_psh_req) refers to rtx_config.o(.text) for os_tmr_inspect_ovf
    rt_system.o(i.os_psh_req) refers to rt_system.o(.data) for .data
    rt_system.o(i.os_resume) refers to rt_list.o(i.os_put_rdy_first) for os_put_rdy_first
    rt_system.o(i.os_resume) refers to rt_list.o(i.os_dec_dly) for os_dec_dly
    rt_system.o(i.os_resume) refers to rt_timer.o(i.os_tmr_tick) for os_tmr_tick
    rt_system.o(i.os_resume) refers to rt_task.o(i.os_dispatch) for os_dispatch
    rt_system.o(i.os_resume) refers to rtx_config.o(.text) for tsk_unlock
    rt_system.o(i.os_resume) refers to rt_task.o(.data) for os_runtask
    rt_system.o(i.os_resume) refers to rt_robin.o(.data) for os_robin
    rt_system.o(i.os_resume) refers to rt_list.o(.bss) for os_dly
    rt_system.o(i.os_resume) refers to rt_time.o(.data) for os_time
    rt_system.o(i.os_resume) refers to rt_timer.o(.data) for os_tmr
    rt_system.o(i.os_suspend) refers to rt_list.o(.bss) for os_dly
    rt_system.o(i.os_suspend) refers to rt_timer.o(.data) for os_tmr
    rt_system.o(i.os_sys_manager) refers to rt_list.o(i.os_put_rdy_first) for os_put_rdy_first
    rt_system.o(i.os_sys_manager) refers to rtx_config.o(.text) for os_tmr_inspect_cnt
    rt_system.o(i.os_sys_manager) refers to rt_robin.o(i.os_chk_robin) for os_chk_robin
    rt_system.o(i.os_sys_manager) refers to rt_list.o(i.os_dec_dly) for os_dec_dly
    rt_system.o(i.os_sys_manager) refers to rt_semaphore.o(i.os_sem_psh) for os_sem_psh
    rt_system.o(i.os_sys_manager) refers to hal_arm.o(.emb_text) for _dec_qc
    rt_system.o(i.os_sys_manager) refers to rt_event.o(i.os_evt_psh) for os_evt_psh
    rt_system.o(i.os_sys_manager) refers to rt_mailbox.o(i.os_mbx_psh) for os_mbx_psh
    rt_system.o(i.os_sys_manager) refers to rt_timer.o(i.os_tmr_tick) for os_tmr_tick
    rt_system.o(i.os_sys_manager) refers to hal_arm.o(i.os_stk_check) for os_stk_check
    rt_system.o(i.os_sys_manager) refers to rt_list.o(i.os_get_first) for os_get_first
    rt_system.o(i.os_sys_manager) refers to rt_task.o(.data) for os_runtask
    rt_system.o(i.os_sys_manager) refers to rt_system.o(.data) for .data
    rt_system.o(i.os_sys_manager) refers to rt_time.o(.data) for os_time
    rt_system.o(i.os_sys_manager) refers to rtx_config.o(.bss) for os_fifo
    rt_system.o(i.os_sys_manager) refers to rt_list.o(.bss) for os_rdy
    rt_list.o(i.os_dec_dly) refers to rt_list.o(i.os_put_prio) for os_put_prio
    rt_list.o(i.os_dec_dly) refers to rt_list.o(.bss) for .bss
    rt_list.o(i.os_dec_dly) refers to rt_time.o(.data) for os_time
    rt_list.o(i.os_get_same_rdy_prio) refers to rt_list.o(.bss) for .bss
    rt_list.o(i.os_get_same_rdy_prio) refers to rt_task.o(.data) for os_runtask
    rt_list.o(i.os_psq_enq) refers to hal_arm.o(.emb_text) for _inc_qi
    rt_list.o(i.os_psq_enq) refers to rtx_config.o(.text) for os_error
    rt_list.o(i.os_psq_enq) refers to rtx_config.o(.bss) for os_fifo
    rt_list.o(i.os_put_dly) refers to rt_list.o(.bss) for .bss
    rt_list.o(i.os_put_rdy_first) refers to rt_list.o(.bss) for .bss
    rt_list.o(i.os_resort_prio) refers to rt_list.o(i.os_rmv_list) for os_rmv_list
    rt_list.o(i.os_resort_prio) refers to rt_list.o(i.os_put_prio) for os_put_prio
    rt_list.o(i.os_resort_prio) refers to rt_list.o(.bss) for .bss
    rt_list.o(i.os_rmv_list) refers to rt_list.o(.bss) for .bss
    rt_robin.o(i.os_chk_robin) refers to rt_list.o(i.os_get_first) for os_get_first
    rt_robin.o(i.os_chk_robin) refers to rt_list.o(i.os_put_prio) for os_put_prio
    rt_robin.o(i.os_chk_robin) refers to rt_robin.o(.data) for .data
    rt_robin.o(i.os_chk_robin) refers to rt_list.o(.bss) for os_rdy
    rt_robin.o(i.os_chk_robin) refers to rt_time.o(.data) for os_time
    rt_robin.o(i.os_init_robin) refers to rt_robin.o(.data) for .data
    rt_robin.o(i.os_init_robin) refers to rtx_config.o(.constdata) for os_rrobin
    SWI_Table.o(SWI_TABLE) refers to hal_arm.o(i.__SWI_0) for __SWI_0
    SWI_Table.o(SWI_TABLE) refers to rt_membox.o(i.__SWI_1) for __SWI_1
    SWI_Table.o(SWI_TABLE) refers to rt_membox.o(i.__SWI_2) for __SWI_2
    SWI_Table.o(SWI_TABLE) refers to hal_arm.o(i.__SWI_3) for __SWI_3
    SWI_Table.o(SWI_TABLE) refers to hal_arm.o(i.__SWI_4) for __SWI_4
    SWI_Table.o(SWI_TABLE) refers to rtx_config.o(.text) for __SWI_5
    SWI_Table.o(SWI_TABLE) refers to hal_arm.o(i.__SWI_6) for __SWI_6
    SWI_Table.o(SWI_TABLE) refers to hal_arm.o(i.__SWI_7) for __SWI_7
    rt_event.o(i.isr_evt_set) refers to rt_list.o(i.os_psq_enq) for os_psq_enq
    rt_event.o(i.isr_evt_set) refers to rt_system.o(i.os_psh_req) for os_psh_req
    rt_event.o(i.isr_evt_set) refers to rtx_config.o(.bss) for os_active_TCB
    rt_event.o(i.os_evt_clr) refers to rtx_config.o(.text) for tsk_unlock
    rt_event.o(i.os_evt_clr) refers to rtx_config.o(.bss) for os_active_TCB
    rt_event.o(i.os_evt_get) refers to rt_task.o(.data) for os_runtask
    rt_event.o(i.os_evt_psh) refers to rt_list.o(i.os_rmv_dly) for os_rmv_dly
    rt_event.o(i.os_evt_psh) refers to rt_list.o(i.os_put_prio) for os_put_prio
    rt_event.o(i.os_evt_psh) refers to rt_list.o(.bss) for os_rdy
    rt_event.o(i.os_evt_set) refers to rt_list.o(i.os_rmv_dly) for os_rmv_dly
    rt_event.o(i.os_evt_set) refers to rt_task.o(i.os_dispatch) for os_dispatch
    rt_event.o(i.os_evt_set) refers to rtx_config.o(.text) for tsk_unlock
    rt_event.o(i.os_evt_set) refers to rtx_config.o(.bss) for os_active_TCB
    rt_event.o(i.os_evt_wait) refers to rt_task.o(i.os_block) for os_block
    rt_event.o(i.os_evt_wait) refers to rtx_config.o(.text) for tsk_unlock
    rt_event.o(i.os_evt_wait) refers to rt_task.o(.data) for os_runtask
    rt_mailbox.o(i.isr_mbx_receive) refers to rt_list.o(i.os_psq_enq) for os_psq_enq
    rt_mailbox.o(i.isr_mbx_receive) refers to rt_system.o(i.os_psh_req) for os_psh_req
    rt_mailbox.o(i.isr_mbx_send) refers to rt_list.o(i.os_psq_enq) for os_psq_enq
    rt_mailbox.o(i.isr_mbx_send) refers to rt_system.o(i.os_psh_req) for os_psh_req
    rt_mailbox.o(i.os_mbx_init) refers to rtx_config.o(.text) for tsk_unlock
    rt_mailbox.o(i.os_mbx_psh) refers to rt_list.o(i.os_get_first) for os_get_first
    rt_mailbox.o(i.os_mbx_psh) refers to rt_list.o(i.os_rmv_dly) for os_rmv_dly
    rt_mailbox.o(i.os_mbx_psh) refers to rt_list.o(i.os_put_prio) for os_put_prio
    rt_mailbox.o(i.os_mbx_psh) refers to rtx_config.o(.text) for os_error
    rt_mailbox.o(i.os_mbx_psh) refers to rt_list.o(.bss) for os_rdy
    rt_mailbox.o(i.os_mbx_send) refers to rt_list.o(i.os_put_prio) for os_put_prio
    rt_mailbox.o(i.os_mbx_send) refers to rt_list.o(i.os_get_first) for os_get_first
    rt_mailbox.o(i.os_mbx_send) refers to rt_list.o(i.os_rmv_dly) for os_rmv_dly
    rt_mailbox.o(i.os_mbx_send) refers to rt_task.o(i.os_dispatch) for os_dispatch
    rt_mailbox.o(i.os_mbx_send) refers to rt_task.o(i.os_block) for os_block
    rt_mailbox.o(i.os_mbx_send) refers to rtx_config.o(.text) for tsk_unlock
    rt_mailbox.o(i.os_mbx_send) refers to rt_task.o(.data) for os_runtask
    rt_mailbox.o(i.os_mbx_wait) refers to rt_list.o(i.os_get_first) for os_get_first
    rt_mailbox.o(i.os_mbx_wait) refers to rt_list.o(i.os_rmv_dly) for os_rmv_dly
    rt_mailbox.o(i.os_mbx_wait) refers to rt_task.o(i.os_dispatch) for os_dispatch
    rt_mailbox.o(i.os_mbx_wait) refers to rtx_config.o(.text) for tsk_unlock
    rt_mailbox.o(i.os_mbx_wait) refers to rt_list.o(i.os_put_prio) for os_put_prio
    rt_mailbox.o(i.os_mbx_wait) refers to rt_task.o(i.os_block) for os_block
    rt_mailbox.o(i.os_mbx_wait) refers to rt_task.o(.data) for os_runtask
    rt_semaphore.o(i.isr_sem_send) refers to rt_list.o(i.os_psq_enq) for os_psq_enq
    rt_semaphore.o(i.isr_sem_send) refers to rt_system.o(i.os_psh_req) for os_psh_req
    rt_semaphore.o(i.os_sem_init) refers to rtx_config.o(.text) for tsk_unlock
    rt_semaphore.o(i.os_sem_psh) refers to rt_list.o(i.os_get_first) for os_get_first
    rt_semaphore.o(i.os_sem_psh) refers to rt_list.o(i.os_rmv_dly) for os_rmv_dly
    rt_semaphore.o(i.os_sem_psh) refers to rt_list.o(i.os_put_prio) for os_put_prio
    rt_semaphore.o(i.os_sem_psh) refers to rt_list.o(.bss) for os_rdy
    rt_semaphore.o(i.os_sem_send) refers to rt_list.o(i.os_get_first) for os_get_first
    rt_semaphore.o(i.os_sem_send) refers to rt_list.o(i.os_rmv_dly) for os_rmv_dly
    rt_semaphore.o(i.os_sem_send) refers to rt_task.o(i.os_dispatch) for os_dispatch
    rt_semaphore.o(i.os_sem_send) refers to rtx_config.o(.text) for tsk_unlock
    rt_semaphore.o(i.os_sem_wait) refers to rtx_config.o(.text) for tsk_unlock
    rt_semaphore.o(i.os_sem_wait) refers to rt_list.o(i.os_put_prio) for os_put_prio
    rt_semaphore.o(i.os_sem_wait) refers to rt_task.o(i.os_block) for os_block
    rt_semaphore.o(i.os_sem_wait) refers to rt_task.o(.data) for os_runtask
    rt_timer.o(i.os_tmr_create) refers to rtx_config.o(.text) for tsk_unlock
    rt_timer.o(i.os_tmr_create) refers to rtx_config.o(.data) for m_tmr
    rt_timer.o(i.os_tmr_create) refers to rt_timer.o(.data) for .data
    rt_timer.o(i.os_tmr_kill) refers to rtx_config.o(.text) for tsk_unlock
    rt_timer.o(i.os_tmr_kill) refers to rt_timer.o(.data) for .data
    rt_timer.o(i.os_tmr_kill) refers to rtx_config.o(.data) for m_tmr
    rt_timer.o(i.os_tmr_tick) refers to rtx_config.o(.text) for os_tmr_call
    rt_timer.o(i.os_tmr_tick) refers to rt_timer.o(.data) for .data
    rt_timer.o(i.os_tmr_tick) refers to rtx_config.o(.data) for m_tmr
    entry.o(.ARM.Collect$$$$00000000) refers (Special) to entry10a.o(.ARM.Collect$$$$0000000D) for __rt_final_cpp
    entry.o(.ARM.Collect$$$$00000000) refers (Special) to entry11a.o(.ARM.Collect$$$$0000000F) for __rt_final_exit
    entry.o(.ARM.Collect$$$$00000000) refers (Special) to entry7b.o(.ARM.Collect$$$$00000008) for _main_clock
    entry.o(.ARM.Collect$$$$00000000) refers (Special) to entry8b.o(.ARM.Collect$$$$0000000A) for _main_cpp_init
    entry.o(.ARM.Collect$$$$00000000) refers (Special) to entry9a.o(.ARM.Collect$$$$0000000B) for _main_init
    entry.o(.ARM.Collect$$$$00000000) refers (Special) to entry5.o(.ARM.Collect$$$$00000004) for _main_scatterload
    entry.o(.ARM.Collect$$$$00000000) refers (Special) to entry2.o(.ARM.Collect$$$$00000001) for _main_stk
    entry2.o(.ARM.Collect$$$$00000001) refers to entry2.o(.ARM.Collect$$$$00002712) for __lit__00000000
    entry2.o(.ARM.Collect$$$$00002712) refers to lpc2300.o(STACK) for __initial_sp
    entry5.o(.ARM.Collect$$$$00000004) refers to init.o(.text) for __scatterload
    entry9a.o(.ARM.Collect$$$$0000000B) refers to blinky.o(.text) for main
    entry9b.o(.ARM.Collect$$$$0000000C) refers to blinky.o(.text) for main
    init.o(.text) refers to init.o(i.__ARM_common_call_via_r3) for __ARM_common_call_via_r3
    init.o(.text) refers to entry5.o(.ARM.Collect$$$$00000004) for __main_after_scatterload


==============================================================================

Removing Unused input sections from the image.

    Removing lcd.o(.text), (520 bytes).
    Removing lcd.o(.constdata), (64 bytes).
    Removing lcd.o(.data), (4 bytes).
    Removing lpc2300.o(HEAP), (0 bytes).
    Removing rt_task.o(i.os_tsk_create_ex0), (12 bytes).
    Removing rt_task.o(i.os_tsk_pass), (52 bytes).
    Removing rt_task.o(i.os_tsk_prio), (144 bytes).
    Removing rt_task.o(i.os_tsk_self), (16 bytes).
    Removing rt_time.o(i.os_itv_set), (24 bytes).
    Removing rt_time.o(i.os_itv_wait), (56 bytes).
    Removing rt_time.o(i.os_time_get), (12 bytes).
    Removing rt_system.o(.emb_text), (0 bytes).
    Removing rt_system.o(i.os_psh_req), (52 bytes).
    Removing rt_system.o(i.os_resume), (168 bytes).
    Removing rt_system.o(i.os_suspend), (52 bytes).
    Removing rt_list.o(i.os_get_same_rdy_prio), (36 bytes).
    Removing rt_list.o(i.os_psq_enq), (52 bytes).
    Removing rt_membox.o(i._calloc_box), (32 bytes).
    Removing rt_event.o(i.isr_evt_set), (40 bytes).
    Removing rt_event.o(i.os_evt_clr), (40 bytes).
    Removing rt_event.o(i.os_evt_get), (12 bytes).
    Removing rt_event.o(i.os_evt_set), (100 bytes).
    Removing rt_event.o(i.os_evt_wait), (96 bytes).
    Removing rt_mailbox.o(i.isr_mbx_receive), (76 bytes).
    Removing rt_mailbox.o(i.isr_mbx_send), (16 bytes).
    Removing rt_mailbox.o(i.os_mbx_check), (8 bytes).
    Removing rt_mailbox.o(i.os_mbx_init), (48 bytes).
    Removing rt_mailbox.o(i.os_mbx_send), (164 bytes).
    Removing rt_mailbox.o(i.os_mbx_wait), (160 bytes).
    Removing rt_semaphore.o(i.isr_sem_send), (18 bytes).
    Removing rt_semaphore.o(i.os_sem_init), (28 bytes).
    Removing rt_semaphore.o(i.os_sem_send), (58 bytes).
    Removing rt_semaphore.o(i.os_sem_wait), (96 bytes).
    Removing rt_timer.o(i.os_tmr_create), (92 bytes).
    Removing rt_timer.o(i.os_tmr_kill), (72 bytes).

35 unused section(s) (total 2420 bytes) removed from the image.

==============================================================================

Adding Veneers to the image

    Adding AT veneer (8 bytes, Inline) for call to '__scatterload' from entry5.o(.ARM.Collect$$$$00000004).
    Adding TA veneer (8 bytes, Short) for call to '__main_after_scatterload' from init.o(.text).

2 Veneer(s) (total 16 bytes) added to the image.

==============================================================================

Image Symbol Table

    Local Symbols

    Symbol Name                              Value     Ov Type        Size  Object(Section)

    RESET                                    0x00000000   Section      352  lpc2300.o(RESET)
    ../clib/microlib/division.c              0x00000000   Number         0  uidiv.o ABSOLUTE
    ../clib/microlib/init/entry.s            0x00000000   Number         0  entry7a.o ABSOLUTE
    ../clib/microlib/init/entry.s            0x00000000   Number         0  entry7b.o ABSOLUTE
    ../clib/microlib/init/entry.s            0x00000000   Number         0  entry9b.o ABSOLUTE
    ../clib/microlib/init/entry.s            0x00000000   Number         0  entry10a.o ABSOLUTE
    ../clib/microlib/init/entry.s            0x00000000   Number         0  entry11a.o ABSOLUTE
    ../clib/microlib/init/entry.s            0x00000000   Number         0  entry8a.o ABSOLUTE
    ../clib/microlib/init/entry.s            0x00000000   Number         0  entry5.o ABSOLUTE
    ../clib/microlib/init/entry.s            0x00000000   Number         0  entry2.o ABSOLUTE
    ../clib/microlib/init/entry.s            0x00000000   Number         0  entry11b.o ABSOLUTE
    ../clib/microlib/init/entry.s            0x00000000   Number         0  entry10b.o ABSOLUTE
    ../clib/microlib/init/entry.s            0x00000000   Number         0  entry9a.o ABSOLUTE
    ../clib/microlib/init/entry.s            0x00000000   Number         0  entry.o ABSOLUTE
    ../clib/microlib/init/entry.s            0x00000000   Number         0  entry8b.o ABSOLUTE
    Blinky.c                                 0x00000000   Number         0  blinky.o ABSOLUTE
    LCD.c                                    0x00000000   Number         0  lcd.o ABSOLUTE
    LPC2300.s                                0x00000000   Number         0  lpc2300.o ABSOLUTE
    RTX_Config.c                             0x00000000   Number         0  rtx_config.o ABSOLUTE
    SRC\ARM\HAL_ARM.c                        0x00000000   Number         0  hal_arm.o ABSOLUTE
    SRC\ARM\SWI_Table.s                      0x00000000   Number         0  SWI_Table.o ABSOLUTE
    SRC\ARM\rt_Event.c                       0x00000000   Number         0  rt_event.o ABSOLUTE
    SRC\ARM\rt_List.c                        0x00000000   Number         0  rt_list.o ABSOLUTE
    SRC\ARM\rt_Mailbox.c                     0x00000000   Number         0  rt_mailbox.o ABSOLUTE
    SRC\ARM\rt_MemBox.c                      0x00000000   Number         0  rt_membox.o ABSOLUTE
    SRC\ARM\rt_Mutex.c                       0x00000000   Number         0  rt_mutex.o ABSOLUTE
    SRC\ARM\rt_Robin.c                       0x00000000   Number         0  rt_robin.o ABSOLUTE
    SRC\ARM\rt_Semaphore.c                   0x00000000   Number         0  rt_semaphore.o ABSOLUTE
    SRC\ARM\rt_System.c                      0x00000000   Number         0  rt_system.o ABSOLUTE
    SRC\ARM\rt_Task.c                        0x00000000   Number         0  rt_task.o ABSOLUTE
    SRC\ARM\rt_Time.c                        0x00000000   Number         0  rt_time.o ABSOLUTE
    SRC\ARM\rt_Timer.c                       0x00000000   Number         0  rt_timer.o ABSOLUTE
    SRC\\ARM\\HAL_ARM.c                      0x00000000   Number         0  hal_arm.o ABSOLUTE
    SRC\\ARM\\rt_System.c                    0x00000000   Number         0  rt_system.o ABSOLUTE
    dc.s                                     0x00000000   Number         0  dc.o ABSOLUTE
    handlers.s                               0x00000000   Number         0  handlers.o ABSOLUTE
    init.s                                   0x00000000   Number         0  init.o ABSOLUTE
    Undef_Handler                            0x00000040   ARM Code       4  lpc2300.o(RESET)
    PAbt_Handler                             0x00000044   ARM Code       4  lpc2300.o(RESET)
    DAbt_Handler                             0x00000048   ARM Code       4  lpc2300.o(RESET)
    IRQ_Handler                              0x0000004c   ARM Code       4  lpc2300.o(RESET)
    FIQ_Handler                              0x00000050   ARM Code       4  lpc2300.o(RESET)
    .ARM.Collect$$$$00000000                 0x00000160   Section        0  entry.o(.ARM.Collect$$$$00000000)
    .ARM.Collect$$$$00000001                 0x00000160   Section        4  entry2.o(.ARM.Collect$$$$00000001)
    .ARM.Collect$$$$00000004                 0x00000164   Section        4  entry5.o(.ARM.Collect$$$$00000004)
    .ARM.Collect$$$$00000008                 0x00000168   Section        0  entry7b.o(.ARM.Collect$$$$00000008)
    .ARM.Collect$$$$0000000A                 0x00000168   Section        0  entry8b.o(.ARM.Collect$$$$0000000A)
    .ARM.Collect$$$$0000000B                 0x00000168   Section       12  entry9a.o(.ARM.Collect$$$$0000000B)
    .ARM.Collect$$$$0000000D                 0x00000174   Section        0  entry10a.o(.ARM.Collect$$$$0000000D)
    .ARM.Collect$$$$0000000F                 0x00000174   Section        0  entry11a.o(.ARM.Collect$$$$0000000F)
    .ARM.Collect$$$$00002712                 0x00000174   Section        4  entry2.o(.ARM.Collect$$$$00002712)
    __lit__00000000                          0x00000174   Data           4  entry2.o(.ARM.Collect$$$$00002712)
    .emb_text                                0x00000178   Section      516  hal_arm.o(.emb_text)
    Switch_task                              0x000002f4   ARM Code       0  hal_arm.o(.emb_text)
    .text                                    0x0000037c   Section        0  blinky.o(.text)
    .text                                    0x000004a8   Section        0  rtx_config.o(.text)
    .text                                    0x0000052c   Section       32  init.o(.text)
    SWI_TABLE                                0x0000054c   Section       36  SWI_Table.o(SWI_TABLE)
    i.__ARM_common_call_via_r3               0x00000578   Section        2  init.o(i.__ARM_common_call_via_r3)
    i.__SWI_0                                0x0000057c   Section        0  hal_arm.o(i.__SWI_0)
    i.__SWI_1                                0x000005b0   Section        0  rt_membox.o(i.__SWI_1)
    i.__SWI_2                                0x000005be   Section        0  rt_membox.o(i.__SWI_2)
    i.__SWI_3                                0x000005d6   Section        0  hal_arm.o(i.__SWI_3)
    i.__SWI_4                                0x000005de   Section        0  hal_arm.o(i.__SWI_4)
    i.__SWI_6                                0x000005e6   Section        0  hal_arm.o(i.__SWI_6)
    i.__SWI_7                                0x000005e8   Section        0  hal_arm.o(i.__SWI_7)
    i.__scatterload_copy                     0x000005ec   Section       28  handlers.o(i.__scatterload_copy)
    i.__scatterload_null                     0x00000608   Section        4  handlers.o(i.__scatterload_null)
    i.__scatterload_zeroinit                 0x0000060c   Section       24  handlers.o(i.__scatterload_zeroinit)
    i._init_box                              0x00000624   Section        0  rt_membox.o(i._init_box)
    i.os_block                               0x00000670   Section        0  rt_task.o(i.os_block)
    i.os_chk_robin                           0x000006b8   Section        0  rt_robin.o(i.os_chk_robin)
    i.os_dec_dly                             0x00000700   Section        0  rt_list.o(i.os_dec_dly)
    i.os_dispatch                            0x0000077c   Section        0  rt_task.o(i.os_dispatch)
    i.os_dly_wait                            0x000007c0   Section        0  rt_time.o(i.os_dly_wait)
    i.os_evt_psh                             0x000007d8   Section        0  rt_event.o(i.os_evt_psh)
    i.os_get_first                           0x00000828   Section        0  rt_list.o(i.os_get_first)
    i.os_init_context                        0x00000854   Section        0  rt_task.o(i.os_init_context)
    os_init_context                          0x00000855   Thumb Code    70  rt_task.o(i.os_init_context)
    i.os_init_robin                          0x000008a0   Section        0  rt_robin.o(i.os_init_robin)
    i.os_init_stack                          0x000008b8   Section        0  hal_arm.o(i.os_init_stack)
    i.os_mbx_psh                             0x0000092c   Section        0  rt_mailbox.o(i.os_mbx_psh)
    i.os_mut_init                            0x000009b4   Section        0  rt_mutex.o(i.os_mut_init)
    i.os_mut_release                         0x000009e4   Section        0  rt_mutex.o(i.os_mut_release)
    i.os_mut_wait                            0x00000ac8   Section        0  rt_mutex.o(i.os_mut_wait)
    i.os_put_dly                             0x00000b4c   Section        0  rt_list.o(i.os_put_dly)
    i.os_put_prio                            0x00000b9c   Section        0  rt_list.o(i.os_put_prio)
    i.os_put_rdy_first                       0x00000bdc   Section        0  rt_list.o(i.os_put_rdy_first)
    i.os_resort_prio                         0x00000bf0   Section        0  rt_list.o(i.os_resort_prio)
    i.os_rmv_dly                             0x00000c24   Section        0  rt_list.o(i.os_rmv_dly)
    i.os_rmv_list                            0x00000c50   Section        0  rt_list.o(i.os_rmv_list)
    i.os_sem_psh                             0x00000c84   Section        0  rt_semaphore.o(i.os_sem_psh)
    i.os_stk_check                           0x00000cbc   Section        0  hal_arm.o(i.os_stk_check)
    i.os_sys_init1                           0x00000cec   Section        0  rt_task.o(i.os_sys_init1)
    i.os_sys_manager                         0x00000dd4   Section        0  rt_system.o(i.os_sys_manager)
    i.os_tmr_tick                            0x00000ea4   Section        0  rt_timer.o(i.os_tmr_tick)
    i.os_tsk_create0                         0x00000ee8   Section        0  rt_task.o(i.os_tsk_create0)
    i.os_tsk_delete                          0x00000f78   Section        0  rt_task.o(i.os_tsk_delete)
    .constdata                               0x000010c8   Section        2  rtx_config.o(.constdata)
    .constdata                               0x000010cc   Section        4  rtx_config.o(.constdata)
    .constdata                               0x000010d0   Section        4  rtx_config.o(.constdata)
    .constdata                               0x000010d4   Section        8  rtx_config.o(.constdata)
    __tagsym$$used                           0x000010d4   Number         0  rtx_config.o(.constdata)
    __tagsym$$used                           0x000010d8   Number         0  rtx_config.o(.constdata)
    .constdata                               0x000010dc   Section        2  rtx_config.o(.constdata)
    .constdata                               0x000010e0   Section        4  rtx_config.o(.constdata)
    .constdata                               0x000010e4   Section        1  rtx_config.o(.constdata)
    .constdata                               0x000010e6   Section        2  rtx_config.o(.constdata)
    .constdata                               0x000010e8   Section        4  rt_system.o(.constdata)
    __tagsym$$used                           0x000010e8   Number         0  rt_system.o(.constdata)
    .data                                    0x40000000   Section        4  rtx_config.o(.data)
    .data                                    0x40000004   Section        4  rt_task.o(.data)
    .data                                    0x40000008   Section        4  rt_time.o(.data)
    .data                                    0x4000000c   Section        4  hal_arm.o(.data)
    .data                                    0x40000010   Section        1  hal_arm.o(.data)
    .data                                    0x40000014   Section        8  rt_system.o(.data)
    .data                                    0x4000001c   Section        8  rt_robin.o(.data)
    .data                                    0x40000024   Section        8  rt_timer.o(.data)
    .bss                                     0x4000002c   Section       32  blinky.o(.bss)
    .bss                                     0x4000004c   Section      404  rtx_config.o(.bss)
    .bss                                     0x400001e0   Section     1616  rtx_config.o(.bss)
    .bss                                     0x40000830   Section      132  rtx_config.o(.bss)
    .bss                                     0x400008b4   Section       28  rtx_config.o(.bss)
    .bss                                     0x400008d0   Section       56  rt_task.o(.bss)
    .bss                                     0x40000908   Section       48  rt_list.o(.bss)
    STACK                                    0x40000938   Section      240  lpc2300.o(STACK)
    Stack_Top                                0x40000a28   Data           0  lpc2300.o(STACK)

    Global Symbols

    Symbol Name                              Value     Ov Type        Size  Object(Section)

    BuildAttributes$$THM_ISAv1$ARM_ISAv4$S$PE$A:L22$X:L11$S22$IEEE1$IW$USESV6$~STKCKD$USESV7$~SHL$OSPACE$EBA8$MICROLIB$REQ8$EABIv2 0x00000000   Number         0  anon$$obj.o ABSOLUTE
    __ARM_use_no_argv                        0x00000000   Number         0  blinky.o ABSOLUTE
    __cpp_initialize__aeabi_                  - Undefined Weak Reference
    __cxa_finalize                            - Undefined Weak Reference
    __decompress                              - Undefined Weak Reference
    _clock_init                               - Undefined Weak Reference
    _microlib_exit                            - Undefined Weak Reference
    os_tmr_reload                             - Undefined Weak Reference
    rt_init                                   - Undefined Weak Reference
    rt_notify                                 - Undefined Weak Reference
    rt_post_taskswitch                        - Undefined Weak Reference
    Reset_Handler                            0x00000054   ARM Code       0  lpc2300.o(RESET)
    __main                                   0x00000160   ARM Code       0  entry.o(.ARM.Collect$$$$00000000)
    _main_stk                                0x00000160   ARM Code       0  entry2.o(.ARM.Collect$$$$00000001)
    _main_scatterload                        0x00000164   ARM Code       0  entry5.o(.ARM.Collect$$$$00000004)
    __main_after_scatterload                 0x00000168   ARM Code       0  entry5.o(.ARM.Collect$$$$00000004)
    _main_clock                              0x00000168   ARM Code       0  entry7b.o(.ARM.Collect$$$$00000008)
    _main_cpp_init                           0x00000168   ARM Code       0  entry8b.o(.ARM.Collect$$$$0000000A)
    _main_init                               0x00000168   ARM Code       0  entry9a.o(.ARM.Collect$$$$0000000B)
    __rt_final_cpp                           0x00000174   ARM Code       0  entry10a.o(.ARM.Collect$$$$0000000D)
    __rt_final_exit                          0x00000174   ARM Code       0  entry11a.o(.ARM.Collect$$$$0000000F)
    _inc_qi                                  0x00000179   Thumb Code    60  hal_arm.o(.emb_text)
    _dec_qc                                  0x000001b5   Thumb Code    32  hal_arm.o(.emb_text)
    os_set_env                               0x000001d5   Thumb Code     8  hal_arm.o(.emb_text)
    os_sys_init0                             0x000001dd   Thumb Code    32  hal_arm.o(.emb_text)
    os_sys_run                               0x00000209   Thumb Code    16  hal_arm.o(.emb_text)
    os_clock_interrupt                       0x0000021c   ARM Code     128  hal_arm.o(.emb_text)
    os_sys_manager_ret                       0x00000289   Thumb Code     0  hal_arm.o(.emb_text)
    SWI_Handler                              0x000002b0   ARM Code     196  hal_arm.o(.emb_text)
    os_switch_tasks_ret                      0x000002ed   Thumb Code     0  hal_arm.o(.emb_text)
    delay                                    0x0000037d   Thumb Code    22  blinky.o(.text)
    LCD_Display                              0x00000393   Thumb Code     2  blinky.o(.text)
    Buzzer_On                                0x00000395   Thumb Code     2  blinky.o(.text)
    Buzzer_Off                               0x00000397   Thumb Code     2  blinky.o(.text)
    TaskA                                    0x00000399   Thumb Code    42  blinky.o(.text)
    TaskB                                    0x000003c3   Thumb Code    64  blinky.o(.text)
    TaskC                                    0x00000403   Thumb Code    46  blinky.o(.text)
    init                                     0x00000431   Thumb Code    68  blinky.o(.text)
    __RL_RTX_VER                             0x00000473   Number         0  rt_system.o ABSOLUTE
    main                                     0x00000475   Thumb Code    20  blinky.o(.text)
    os_idle_demon                            0x000004a9   Thumb Code     2  rtx_config.o(.text)
    os_tmr_call                              0x000004ab   Thumb Code     2  rtx_config.o(.text)
    os_error                                 0x000004ad   Thumb Code     2  rtx_config.o(.text)
    os_tmr_init                              0x000004af   Thumb Code    32  rtx_config.o(.text)
    os_tmr_force_irq                         0x000004cf   Thumb Code     8  rtx_config.o(.text)
    os_tmr_inspect_cnt                       0x000004d7   Thumb Code     6  rtx_config.o(.text)
    os_tmr_inspect_ovf                       0x000004dd   Thumb Code    10  rtx_config.o(.text)
    os_irq_ack_lock                          0x000004e7   Thumb Code    22  rtx_config.o(.text)
    __SWI_5                                  0x000004fd   Thumb Code     8  rtx_config.o(.text)
    tsk_unlock                               0x00000505   Thumb Code     8  rtx_config.o(.text)
    Inline ARM to Thumb Veneer to __scatterload 0x00000524   ARM Code       8  init.o(.text)
    __scatterload                            0x0000052d   Thumb Code    24  init.o(.text)
    __scatterload_rt2                        0x0000052d   Thumb Code     0  init.o(.text)
    SWI_Count                                0x0000054c   Data           4  SWI_Table.o(SWI_TABLE)
    SWI_Table                                0x00000550   Data           0  SWI_Table.o(SWI_TABLE)
    Short Thumb to ARM Veneer to __main_after_scatterload 0x00000571   Thumb Code     8  anon$$obj.o(Veneer$$Code)
    __ARM_common_call_via_r3                 0x00000579   Thumb Code     2  init.o(i.__ARM_common_call_via_r3)
    __SWI_0                                  0x0000057d   Thumb Code    46  hal_arm.o(i.__SWI_0)
    __SWI_1                                  0x000005b1   Thumb Code    14  rt_membox.o(i.__SWI_1)
    __SWI_2                                  0x000005bf   Thumb Code    24  rt_membox.o(i.__SWI_2)
    __SWI_3                                  0x000005d7   Thumb Code     8  hal_arm.o(i.__SWI_3)
    __SWI_4                                  0x000005df   Thumb Code     8  hal_arm.o(i.__SWI_4)
    __SWI_6                                  0x000005e7   Thumb Code     2  hal_arm.o(i.__SWI_6)
    __SWI_7                                  0x000005e9   Thumb Code     2  hal_arm.o(i.__SWI_7)
    __scatterload_copy                       0x000005ec   ARM Code      28  handlers.o(i.__scatterload_copy)
    __scatterload_null                       0x00000608   ARM Code       4  handlers.o(i.__scatterload_null)
    __scatterload_zeroinit                   0x0000060c   ARM Code      24  handlers.o(i.__scatterload_zeroinit)
    _init_box                                0x00000625   Thumb Code    74  rt_membox.o(i._init_box)
    os_block                                 0x00000671   Thumb Code    58  rt_task.o(i.os_block)
    os_chk_robin                             0x000006b9   Thumb Code    60  rt_robin.o(i.os_chk_robin)
    os_dec_dly                               0x00000701   Thumb Code   116  rt_list.o(i.os_dec_dly)
    os_dispatch                              0x0000077d   Thumb Code    60  rt_task.o(i.os_dispatch)
    os_dly_wait                              0x000007c1   Thumb Code    24  rt_time.o(i.os_dly_wait)
    os_evt_psh                               0x000007d9   Thumb Code    74  rt_event.o(i.os_evt_psh)
    os_get_first                             0x00000829   Thumb Code    42  rt_list.o(i.os_get_first)
    os_init_robin                            0x000008a1   Thumb Code    16  rt_robin.o(i.os_init_robin)
    os_init_stack                            0x000008b9   Thumb Code   100  hal_arm.o(i.os_init_stack)
    os_mbx_psh                               0x0000092d   Thumb Code   132  rt_mailbox.o(i.os_mbx_psh)
    os_mut_init                              0x000009b5   Thumb Code    44  rt_mutex.o(i.os_mut_init)
    os_mut_release                           0x000009e5   Thumb Code   218  rt_mutex.o(i.os_mut_release)
    os_mut_wait                              0x00000ac9   Thumb Code   128  rt_mutex.o(i.os_mut_wait)
    os_put_dly                               0x00000b4d   Thumb Code    76  rt_list.o(i.os_put_dly)
    os_put_prio                              0x00000b9d   Thumb Code    62  rt_list.o(i.os_put_prio)
    os_put_rdy_first                         0x00000bdd   Thumb Code    14  rt_list.o(i.os_put_rdy_first)
    os_resort_prio                           0x00000bf1   Thumb Code    48  rt_list.o(i.os_resort_prio)
    os_rmv_dly                               0x00000c25   Thumb Code    44  rt_list.o(i.os_rmv_dly)
    os_rmv_list                              0x00000c51   Thumb Code    46  rt_list.o(i.os_rmv_list)
    os_sem_psh                               0x00000c85   Thumb Code    50  rt_semaphore.o(i.os_sem_psh)
    os_stk_check                             0x00000cbd   Thumb Code    38  hal_arm.o(i.os_stk_check)
    os_sys_init1                             0x00000ced   Thumb Code   162  rt_task.o(i.os_sys_init1)
    os_sys_manager                           0x00000dd5   Thumb Code   186  rt_system.o(i.os_sys_manager)
    os_tmr_tick                              0x00000ea5   Thumb Code    58  rt_timer.o(i.os_tmr_tick)
    os_tsk_create0                           0x00000ee9   Thumb Code   130  rt_task.o(i.os_tsk_create0)
    os_tsk_delete                            0x00000f79   Thumb Code   312  rt_task.o(i.os_tsk_delete)
    os_maxtaskrun                            0x000010c8   Data           2  rtx_config.o(.constdata)
    os_stackinfo                             0x000010cc   Data           4  rtx_config.o(.constdata)
    os_rrobin                                0x000010d0   Data           4  rtx_config.o(.constdata)
    os_clockrate                             0x000010d4   Data           4  rtx_config.o(.constdata)
    os_timernum                              0x000010d8   Data           4  rtx_config.o(.constdata)
    mp_tcb_size                              0x000010dc   Data           2  rtx_config.o(.constdata)
    mp_stk_size                              0x000010e0   Data           4  rtx_config.o(.constdata)
    os_fifo_size                             0x000010e4   Data           1  rtx_config.o(.constdata)
    mp_tmr_size                              0x000010e6   Data           2  rtx_config.o(.constdata)
    RL_RTX_Version                           0x000010e8   Data           4  rt_system.o(.constdata)
    Region$$Table$$Base                      0x000010ec   Number         0  anon$$obj.o(Region$$Table)
    Region$$Table$$Limit                     0x0000110c   Number         0  anon$$obj.o(Region$$Table)
    m_tmr                                    0x40000000   Data           4  rtx_config.o(.data)
    os_runtask                               0x40000004   Data           4  rt_task.o(.data)
    os_time                                  0x40000008   Data           4  rt_time.o(.data)
    sys_stktop                               0x4000000c   Data           4  hal_arm.o(.data)
    sys_mode                                 0x40000010   Data           1  hal_arm.o(.data)
    os_psh                                   0x40000014   Data           8  rt_system.o(.data)
    os_robin                                 0x4000001c   Data           8  rt_robin.o(.data)
    os_tmr                                   0x40000024   Data           8  rt_timer.o(.data)
    lcd_mutex                                0x4000002c   Data          16  blinky.o(.bss)
    buzzer_mutex                             0x4000003c   Data          16  blinky.o(.bss)
    mp_tcb                                   0x4000004c   Data         404  rtx_config.o(.bss)
    mp_stk                                   0x400001e0   Data        1616  rtx_config.o(.bss)
    os_fifo                                  0x40000830   Data         132  rtx_config.o(.bss)
    os_active_TCB                            0x400008b4   Data          28  rtx_config.o(.bss)
    os_idle_TCB                              0x400008d0   Data          56  rt_task.o(.bss)
    os_rdy                                   0x40000908   Data          24  rt_list.o(.bss)
    os_dly                                   0x40000920   Data          24  rt_list.o(.bss)
    __initial_sp                             0x40000988   Data         160  lpc2300.o(STACK)



==============================================================================

Memory Map of the image

  Image Entry point : 0x00000160

  Load Region LR_IROM1 (Base: 0x00000000, Size: 0x00001138, Max: 0x00080000, ABSOLUTE)

    Execution Region ER_IROM1 (Base: 0x00000000, Size: 0x0000110c, Max: 0x00080000, ABSOLUTE)

    Base Addr    Size         Type   Attr      Idx    E Section Name        Object

    0x00000000   0x00000160   Code   RO           73    RESET               lpc2300.o
    0x00000160   0x00000000   Code   RO          615  * .ARM.Collect$$$$00000000  mc_t.l(entry.o)
    0x00000160   0x00000004   Code   RO          620    .ARM.Collect$$$$00000001  mc_t.l(entry2.o)
    0x00000164   0x00000004   Code   RO          622    .ARM.Collect$$$$00000004  mc_t.l(entry5.o)
    0x00000168   0x00000000   Code   RO          624    .ARM.Collect$$$$00000008  mc_t.l(entry7b.o)
    0x00000168   0x00000000   Code   RO          626    .ARM.Collect$$$$0000000A  mc_t.l(entry8b.o)
    0x00000168   0x0000000c   Code   RO          627    .ARM.Collect$$$$0000000B  mc_t.l(entry9a.o)
    0x00000174   0x00000000   Code   RO          629    .ARM.Collect$$$$0000000D  mc_t.l(entry10a.o)
    0x00000174   0x00000000   Code   RO          631    .ARM.Collect$$$$0000000F  mc_t.l(entry11a.o)
    0x00000174   0x00000004   Code   RO          621    .ARM.Collect$$$$00002712  mc_t.l(entry2.o)
    0x00000178   0x00000204   Code   RO          231    .emb_text           RTX_ARM_L.LIB(hal_arm.o)
    0x0000037c   0x0000012c   Code   RO            1    .text               blinky.o
    0x000004a8   0x0000007c   Code   RO           41    .text               rtx_config.o
    0x00000524   0x00000008   Ven    RO          633    .text               mc_t.l(init.o)
    0x0000052c   0x00000020   Code   RO          633    .text               mc_t.l(init.o)
    0x0000054c   0x00000024   Code   RO          459    SWI_TABLE           RTX_ARM_L.LIB(SWI_Table.o)
    0x00000570   0x00000008   Ven    RO          646    Veneer$$Code        anon$$obj.o
    0x00000578   0x00000002   Code   RO          635    i.__ARM_common_call_via_r3  mc_t.l(init.o)
    0x0000057a   0x00000002   PAD
    0x0000057c   0x00000034   Code   RO          232    i.__SWI_0           RTX_ARM_L.LIB(hal_arm.o)
    0x000005b0   0x0000000e   Code   RO          429    i.__SWI_1           RTX_ARM_L.LIB(rt_membox.o)
    0x000005be   0x00000018   Code   RO          430    i.__SWI_2           RTX_ARM_L.LIB(rt_membox.o)
    0x000005d6   0x00000008   Code   RO          233    i.__SWI_3           RTX_ARM_L.LIB(hal_arm.o)
    0x000005de   0x00000008   Code   RO          234    i.__SWI_4           RTX_ARM_L.LIB(hal_arm.o)
    0x000005e6   0x00000002   Code   RO          235    i.__SWI_6           RTX_ARM_L.LIB(hal_arm.o)
    0x000005e8   0x00000002   Code   RO          236    i.__SWI_7           RTX_ARM_L.LIB(hal_arm.o)
    0x000005ea   0x00000002   PAD
    0x000005ec   0x0000001c   Code   RO          639    i.__scatterload_copy  mc_t.l(handlers.o)
    0x00000608   0x00000004   Code   RO          640    i.__scatterload_null  mc_t.l(handlers.o)
    0x0000060c   0x00000018   Code   RO          641    i.__scatterload_zeroinit  mc_t.l(handlers.o)
    0x00000624   0x0000004a   Code   RO          432    i._init_box         RTX_ARM_L.LIB(rt_membox.o)
    0x0000066e   0x00000002   PAD
    0x00000670   0x00000048   Code   RO           77    i.os_block          RTX_ARM_L.LIB(rt_task.o)
    0x000006b8   0x00000048   Code   RO          408    i.os_chk_robin      RTX_ARM_L.LIB(rt_robin.o)
    0x00000700   0x0000007c   Code   RO          336    i.os_dec_dly        RTX_ARM_L.LIB(rt_list.o)
    0x0000077c   0x00000044   Code   RO           78    i.os_dispatch       RTX_ARM_L.LIB(rt_task.o)
    0x000007c0   0x00000018   Code   RO          170    i.os_dly_wait       RTX_ARM_L.LIB(rt_time.o)
    0x000007d8   0x00000050   Code   RO          465    i.os_evt_psh        RTX_ARM_L.LIB(rt_event.o)
    0x00000828   0x0000002a   Code   RO          337    i.os_get_first      RTX_ARM_L.LIB(rt_list.o)
    0x00000852   0x00000002   PAD
    0x00000854   0x0000004c   Code   RO           79    i.os_init_context   RTX_ARM_L.LIB(rt_task.o)
    0x000008a0   0x00000018   Code   RO          409    i.os_init_robin     RTX_ARM_L.LIB(rt_robin.o)
    0x000008b8   0x00000074   Code   RO          237    i.os_init_stack     RTX_ARM_L.LIB(hal_arm.o)
    0x0000092c   0x00000088   Code   RO          508    i.os_mbx_psh        RTX_ARM_L.LIB(rt_mailbox.o)
    0x000009b4   0x00000030   Code   RO          207    i.os_mut_init       RTX_ARM_L.LIB(rt_mutex.o)
    0x000009e4   0x000000e4   Code   RO          208    i.os_mut_release    RTX_ARM_L.LIB(rt_mutex.o)
    0x00000ac8   0x00000084   Code   RO          209    i.os_mut_wait       RTX_ARM_L.LIB(rt_mutex.o)
    0x00000b4c   0x00000050   Code   RO          340    i.os_put_dly        RTX_ARM_L.LIB(rt_list.o)
    0x00000b9c   0x0000003e   Code   RO          341    i.os_put_prio       RTX_ARM_L.LIB(rt_list.o)
    0x00000bda   0x00000002   PAD
    0x00000bdc   0x00000014   Code   RO          342    i.os_put_rdy_first  RTX_ARM_L.LIB(rt_list.o)
    0x00000bf0   0x00000034   Code   RO          343    i.os_resort_prio    RTX_ARM_L.LIB(rt_list.o)
    0x00000c24   0x0000002c   Code   RO          344    i.os_rmv_dly        RTX_ARM_L.LIB(rt_list.o)
    0x00000c50   0x00000034   Code   RO          345    i.os_rmv_list       RTX_ARM_L.LIB(rt_list.o)
    0x00000c84   0x00000038   Code   RO          554    i.os_sem_psh        RTX_ARM_L.LIB(rt_semaphore.o)
    0x00000cbc   0x00000030   Code   RO          238    i.os_stk_check      RTX_ARM_L.LIB(hal_arm.o)
    0x00000cec   0x000000e8   Code   RO           80    i.os_sys_init1      RTX_ARM_L.LIB(rt_task.o)
    0x00000dd4   0x000000d0   Code   RO          294    i.os_sys_manager    RTX_ARM_L.LIB(rt_system.o)
    0x00000ea4   0x00000044   Code   RO          590    i.os_tmr_tick       RTX_ARM_L.LIB(rt_timer.o)
    0x00000ee8   0x00000090   Code   RO           81    i.os_tsk_create0    RTX_ARM_L.LIB(rt_task.o)
    0x00000f78   0x00000150   Code   RO           83    i.os_tsk_delete     RTX_ARM_L.LIB(rt_task.o)
    0x000010c8   0x00000002   Data   RO           46    .constdata          rtx_config.o
    0x000010ca   0x00000002   PAD
    0x000010cc   0x00000004   Data   RO           47    .constdata          rtx_config.o
    0x000010d0   0x00000004   Data   RO           48    .constdata          rtx_config.o
    0x000010d4   0x00000008   Data   RO           49    .constdata          rtx_config.o
    0x000010dc   0x00000002   Data   RO           50    .constdata          rtx_config.o
    0x000010de   0x00000002   PAD
    0x000010e0   0x00000004   Data   RO           51    .constdata          rtx_config.o
    0x000010e4   0x00000001   Data   RO           52    .constdata          rtx_config.o
    0x000010e5   0x00000001   PAD
    0x000010e6   0x00000002   Data   RO           53    .constdata          rtx_config.o
    0x000010e8   0x00000004   Data   RO          295    .constdata          RTX_ARM_L.LIB(rt_system.o)
    0x000010ec   0x00000020   Data   RO          637    Region$$Table       anon$$obj.o


    Execution Region RW_IRAM1 (Base: 0x40000000, Size: 0x00000a28, Max: 0x00008000, ABSOLUTE)

    Base Addr    Size         Type   Attr      Idx    E Section Name        Object

    0x40000000   0x00000004   Data   RW           54    .data               rtx_config.o
    0x40000004   0x00000004   Data   RW           88    .data               RTX_ARM_L.LIB(rt_task.o)
    0x40000008   0x00000004   Data   RW          174    .data               RTX_ARM_L.LIB(rt_time.o)
    0x4000000c   0x00000004   Data   RW          239    .data               RTX_ARM_L.LIB(hal_arm.o)
    0x40000010   0x00000001   Data   RW          240    .data               RTX_ARM_L.LIB(hal_arm.o)
    0x40000011   0x00000003   PAD
    0x40000014   0x00000008   Data   RW          296    .data               RTX_ARM_L.LIB(rt_system.o)
    0x4000001c   0x00000008   Data   RW          410    .data               RTX_ARM_L.LIB(rt_robin.o)
    0x40000024   0x00000008   Data   RW          591    .data               RTX_ARM_L.LIB(rt_timer.o)
    0x4000002c   0x00000020   Zero   RW            2    .bss                blinky.o
    0x4000004c   0x00000194   Zero   RW           42    .bss                rtx_config.o
    0x400001e0   0x00000650   Zero   RW           43    .bss                rtx_config.o
    0x40000830   0x00000084   Zero   RW           44    .bss                rtx_config.o
    0x400008b4   0x0000001c   Zero   RW           45    .bss                rtx_config.o
    0x400008d0   0x00000038   Zero   RW           87    .bss                RTX_ARM_L.LIB(rt_task.o)
    0x40000908   0x00000030   Zero   RW          346    .bss                RTX_ARM_L.LIB(rt_list.o)
    0x40000938   0x000000f0   Zero   RW           71    STACK               lpc2300.o


==============================================================================

Image component sizes


      Code (inc. data)   RO Data    RW Data    ZI Data      Debug   Object Name

       300         32          0          0         32       8764   blinky.o
       352         48          0          0        240        300   lpc2300.o
       124         24         27          4       2180       2590   rtx_config.o

    ----------------------------------------------------------------------
       784        104         64          4       2452      11654   Object Totals
         8          0         32          0          0          0   (incl. Generated)
         0          0          5          0          0          0   (incl. Padding)

    ----------------------------------------------------------------------

      Code (inc. data)   RO Data    RW Data    ZI Data      Debug   Library Member Name

        36         36          0          0          0        140   SWI_Table.o
       752         80          0          5          0       3843   hal_arm.o
        80          6          0          0          0        525   rt_event.o
       476         28          0          0         48       3930   rt_list.o
       136          4          0          0          0        573   rt_mailbox.o
       112          0          0          0          0       1464   rt_membox.o
       408         18          0          0          0       1861   rt_mutex.o
        96         20          0          8          0        962   rt_robin.o
        56          6          0          0          0        485   rt_semaphore.o
       208         22          4          8          0       1185   rt_system.o
       928        136          0          4         56       6066   rt_task.o
        24          0          0          4          0        572   rt_time.o
        68         10          0          8          0        619   rt_timer.o
         0          0          0          0          0          0   entry.o
         0          0          0          0          0          0   entry10a.o
         0          0          0          0          0          0   entry11a.o
         8          4          0          0          0          0   entry2.o
         4          0          0          0          0          0   entry5.o
         0          0          0          0          0          0   entry7b.o
         0          0          0          0          0          0   entry8b.o
        12          4          0          0          0          0   entry9a.o
        56          0          0          0          0          0   handlers.o
        42          8          0          0          0        136   init.o

    ----------------------------------------------------------------------
      3512        382          4         40        104      22361   Library Totals
        10          0          0          3          0          0   (incl. Padding)

    ----------------------------------------------------------------------

      Code (inc. data)   RO Data    RW Data    ZI Data      Debug   Library Name

      3380        366          4         37        104      22225   RTX_ARM_L.LIB
       122         16          0          0          0        136   mc_t.l

    ----------------------------------------------------------------------
      3512        382          4         40        104      22361   Library Totals

    ----------------------------------------------------------------------

==============================================================================


      Code (inc. data)   RO Data    RW Data    ZI Data      Debug   

      4296        486         68         44       2556      32283   Grand Totals
      4296        486         68         44       2556      32283   ELF Image Totals
      4296        486         68         44          0          0   ROM Totals

==============================================================================

    Total RO  Size (Code + RO Data)                 4364 (   4.26kB)
    Total RW  Size (RW Data + ZI Data)              2600 (   2.54kB)
    Total ROM Size (Code + RO Data + RW Data)       4408 (   4.30kB)

==============================================================================

